[www.jarrisonsanewhairexperience.co.uk/index.html]
[backblue.gif]
[fade.gif]
[index.html]
[www.jarrisonsanewhairexperience.co.uk/favicon_d1_res.ico]
[www.jarrisonsanewhairexperience.co.uk/_dm/s/rt/dist/css/d-css-foundation.minf4cc.css]
[www.jarrisonsanewhairexperience.co.uk/_dm/s/rt/css/font-css/googlefonts.css]
[www.jarrisonsanewhairexperience.co.uk/_dm/s/rt/dist/css/css-font-package.minf4cc.css]
[www.jarrisonsanewhairexperience.co.uk/_dm/s/rt/dist/css/d-css-runtime-desktop-one-package-new.minf4cc.css]
[irp-cdn.multiscreensite.com/a188ca23/files/a188ca23_1.min7b30.css]
[www.jarrisonsanewhairexperience.co.uk/_dm/s/rt/css/yell/yell-runtimef4cc.css]
[irp-cdn.multiscreensite.com/a188ca23/files/a188ca23_home_1.min7b30.css]
[ajax.googleapis.com/ajax/libs/jquery/2.1.1/jquery.min.js]
[www.google.com/recaptcha/api1bbf.js]
[www.jarrisonsanewhairexperience.co.uk/_dm/s/rt/dist/scripts/d-js-one-runtime-layouts-package.minf4cc.js]
[www.jarrisonsanewhairexperience.co.uk/_dm/s/rt/dist/scripts/d-js-runtime-one-package.minf4cc.js]
[www.jarrisonsanewhairexperience.co.uk/_dm/s/rt/dist/scripts/d-js-one-runtime-layouts-desktop.minf4cc.js]
[www.jarrisonsanewhairexperience.co.uk/hairdressing-services.html]
[irp-cdn.multiscreensite.com/a188ca23/import/base/dms3rep/multi/mobile/Satellite_1343626355.jpg]
[www.jarrisonsanewhairexperience.co.uk/contact.html]
[www.jarrisonsanewhairexperience.co.uk/home.html]
[s7.addthis.com/js/250/addthis_widget.js]
[irp-cdn.multiscreensite.com/a188ca23/import/base/dms3rep/multi/mobile/Satellite_794324860.jpg]
[ssl.google-analytics.com/ga.js]
[www.jarrisonsanewhairexperience.co.uk/index.html]
[www.jarrisonsanewhairexperience.co.uk/_dm/s/rt/dist/css/d-css-foundation.minf4cc.css]
[www.jarrisonsanewhairexperience.co.uk/_dm/s/rt/css/font-css/googlefonts.css]
[www.jarrisonsanewhairexperience.co.uk/_dm/s/rt/css/font-icons/font-awesome/font/fontawesome-webfont1bce.eot]
[www.jarrisonsanewhairexperience.co.uk/_dm/s/rt/css/font-icons/font-awesome/font/fontawesome-webfontd41d.eot]
[www.jarrisonsanewhairexperience.co.uk/_dm/s/rt/css/font-icons/font-awesome/font/fontawesome-webfont1bce.woff]
[d32hwlnfiv2gyn.cloudfront.net/sp-2.0.0-dm-0.1.min.js]
[www.jarrisonsanewhairexperience.co.uk/_dm/s/rt/css/font-icons/font-awesome/font/fontawesome-webfont1bce.ttf]
[www.jarrisonsanewhairexperience.co.uk/_dm/s/rt/css/font-icons/font-awesome/font/fontawesome-webfont.svg]
[www.jarrisonsanewhairexperience.co.uk/_dm/s/rt/css/font-icons/dm-social-font/fonts/dm-social-font8e31.eot]
[www.jarrisonsanewhairexperience.co.uk/_dm/s/rt/css/font-icons/dm-social-font/fonts/dm-social-font8e31.ttf]
[www.jarrisonsanewhairexperience.co.uk/_dm/s/rt/css/font-icons/dm-social-font/fonts/dm-social-font8e31.woff]
[www.jarrisonsanewhairexperience.co.uk/_dm/s/rt/css/font-icons/dm-social-font/fonts/dm-social-font8e31.svg]
[www.jarrisonsanewhairexperience.co.uk/_dm/s/rt/css/font-icons/dm-font/fonts/dm-fonte5bf.eot]
[www.jarrisonsanewhairexperience.co.uk/_dm/s/rt/css/font-icons/dm-font/fonts/dm-fonte5bf.ttf]
[www.jarrisonsanewhairexperience.co.uk/_dm/s/rt/css/font-icons/dm-font/fonts/dm-fonte5bf.woff]
[www.jarrisonsanewhairexperience.co.uk/_dm/s/rt/dist/css/css-font-package.minf4cc.css]
[www.jarrisonsanewhairexperience.co.uk/_dm/s/rt/css/font-icons/dm-font/fonts/dm-fonte5bf.svg]
[www.jarrisonsanewhairexperience.co.uk/_dm/s/rt/scripts/vendor/photoSwipe/loader.gif]
[www.jarrisonsanewhairexperience.co.uk/_dm/s/rt/scripts/vendor/photoSwipe/error.gif]
[www.jarrisonsanewhairexperience.co.uk/_dm/s/rt/scripts/vendor/photoSwipe/icons.png]
[www.jarrisonsanewhairexperience.co.uk/_dm/s/rt/scripts/vendor/photoSwipe/icons@2x.png]
[dd-cdn.multiscreensite.com/runtime-img/arrowBlackRight.png]
[www.jarrisonsanewhairexperience.co.uk/editor/nee/images/common/2ColumnsArrows.png]
[www.jarrisonsanewhairexperience.co.uk/editor/nee/images/common/bluePic.png]
[s3.amazonaws.com/dudamobile-themes/Icons/searchBtn.png]
[dd-cdn.multiscreensite.com/runtime-img/restaurantMenu/menu-image1.jpg]
[www.jarrisonsanewhairexperience.co.uk/_dm/s/rt/fonts/flexslider-icon.eot]
[www.jarrisonsanewhairexperience.co.uk/_dm/s/rt/fonts/flexslider-icond41d.eot]
[www.jarrisonsanewhairexperience.co.uk/_dm/s/rt/fonts/flexslider-icon.woff]
[www.jarrisonsanewhairexperience.co.uk/_dm/s/rt/fonts/flexslider-icon.ttf]
[www.jarrisonsanewhairexperience.co.uk/_dm/s/rt/fonts/flexslider-icon.svg]
[www.jarrisonsanewhairexperience.co.uk/editor/nee/images/pt/content/Xclose.png]
[www.jarrisonsanewhairexperience.co.uk/editor/dudaone/images/placeholders/image-place-holder.jpg]
[www.jarrisonsanewhairexperience.co.uk/_dm/s/rt/scripts/vendor/photoswipe4/icons/default-skin.png]
[www.jarrisonsanewhairexperience.co.uk/_dm/s/rt/scripts/vendor/photoswipe4/icons/default-skin.svg]
[www.jarrisonsanewhairexperience.co.uk/_dm/s/rt/scripts/vendor/photoswipe4/icons/preloader.gif]
[dm-direct.s3.amazonaws.com/editor/healthEngine/health_engine_placeholder.png]
[www.jarrisonsanewhairexperience.co.uk/_dm/s/rt/fonts/Knockout/Knockout-26.otf]
[www.jarrisonsanewhairexperience.co.uk/_dm/s/rt/fonts/Knockout/Knockout-27.otf]
[www.jarrisonsanewhairexperience.co.uk/_dm/s/rt/fonts/Knockout/Knockout-28.otf]
[www.jarrisonsanewhairexperience.co.uk/_dm/s/rt/fonts/Knockout/Knockout-29.otf]
[www.jarrisonsanewhairexperience.co.uk/_dm/s/rt/fonts/Knockout/Knockout-30.otf]
[www.jarrisonsanewhairexperience.co.uk/_dm/s/rt/fonts/NationalApp/NationalApp-Bold.ttf]
[www.jarrisonsanewhairexperience.co.uk/_dm/s/rt/fonts/NationalApp/NationalApp-Book.ttf]
[www.jarrisonsanewhairexperience.co.uk/_dm/s/rt/fonts/NationalApp/NationalApp-Regular.ttf]
[www.jarrisonsanewhairexperience.co.uk/_dm/s/rt/fonts/NationalApp/NationalApp-Semibold.ttf]
[www.jarrisonsanewhairexperience.co.uk/_dm/s/rt/dist/css/d-css-runtime-desktop-one-package-new.minf4cc.css]
[dp-cdn.multiscreensite.com/bfsImages/sunset-hair.jpg]
[dd-cdn.multiscreensite.com/themes/sections/sectionImg5.jpg]
[dd-cdn.multiscreensite.com/themes/sections/click2Call.jpg]
[dd-cdn.multiscreensite.com/themes/sections/halloween_call.jpg]
[dd-cdn.multiscreensite.com/themes/sections/Trick-or-Treat.jpg]
[dp-cdn.multiscreensite.com/gallery/pink_pattern.png]
[dd-cdn.multiscreensite.com/themes/sections/holiday/thanksgivingBg.jpg]
[dd-cdn.multiscreensite.com/themes/sections/holiday/holidaySnow.png]
[dd-cdn.multiscreensite.com/themes/sections/holiday/smbSaturdayBg.jpg]
[dd-cdn.multiscreensite.com/themes/sections/holiday/cyberMondayBg.jpg]
[dd-cdn.multiscreensite.com/themes/sections/aidsBg.png]
[dp-cdn.multiscreensite.com/gallery/bg_37.png]
[dd-cdn.multiscreensite.com/runtime-img/galleryLoader.gif]
[dd-cdn.multiscreensite.com/runtime-img/imgPlaceholder2.png]
[dd-cdn.multiscreensite.com/runtime-img/imgPlaceholder1.png]
[dd-cdn.multiscreensite.com/runtime-img/imgPlaceholder3.png]
[dd-cdn.multiscreensite.com/runtime-img/yelpLogo.png]
[irp-cdn.multiscreensite.com/a188ca23/import/base/Satellite_916376827.jpg]
[irp-cdn.multiscreensite.com/a188ca23/import/base/Satellite_2116257034.png]
[irp-cdn.multiscreensite.com/a188ca23/files/a188ca23_1.min7b30.css]
[www.jarrisonsanewhairexperience.co.uk/_dm/s/rt/css/yell/yell-runtimef4cc.css]
[irp-cdn.multiscreensite.com/a188ca23/files/a188ca23_home_1.min7b30.css]
[www.jarrisonsanewhairexperience.co.uk/home.html]
[irp-cdn.multiscreensite.com/a188ca23/import/base/Satellite_1587675178.jpg]
[irp-cdn.multiscreensite.com/a188ca23/import/base/Satellite_1733973674.jpg]
[www.jarrisonsanewhairexperience.co.uk/hairdressing-services.html]
[irp-cdn.multiscreensite.com/a188ca23/dms3rep/multi/mobile/mas-303x48.png]
[irp-cdn.multiscreensite.com/a188ca23/import/base/Satellite_1664765422.jpg]
[www.jarrisonsanewhairexperience.co.uk/contact.html]
[www.jarrisonsanewhairexperience.co.uk/_dm/s/rt/css/font-icons/font-awesome/font/fontawesome-webfont.svg]
[www.jarrisonsanewhairexperience.co.uk/_dm/s/rt/css/font-icons/dm-social-font/fonts/dm-social-font8e31.svg]
[www.jarrisonsanewhairexperience.co.uk/_dm/s/rt/css/font-icons/dm-font/fonts/dm-fonte5bf.svg]
[www.jarrisonsanewhairexperience.co.uk/_dm/s/rt/fonts/flexslider-icon.svg]
[www.jarrisonsanewhairexperience.co.uk/_dm/s/rt/scripts/vendor/photoswipe4/icons/default-skin.svg]
